// Jest Snapshot v1, https://goo.gl/fbAQLP

exports[`App render should render App 1`] = `
<_default>
  <div>
    <main>
      <div>
        Hi! My black brothers!!!
      </div>
    </main>
    <_default>
      <footer>
        <a
          href="/"
        >
          netflix
        </a>
      </footer>
    </_default>
  </div>
</_default>
`;
